==148617== Memcheck, a memory error detector
==148617== Copyright (C) 2002-2022, and GNU GPL'd, by Julian Seward et al.
==148617== Using Valgrind-3.22.0 and LibVEX; rerun with -h for copyright info
==148617== Command: ./streamlines --dt 0.002
==148617== Parent PID: 146596
==148617== 
==148617== Warning: set address range perms: large range [0x59c93000, 0x159e94000) (noaccess)
==148617== Warning: set address range perms: large range [0x38600040, 0x4b72d040) (undefined)
==148617== Warning: set address range perms: large range [0x38600028, 0x4b72d058) (noaccess)
==148617== 
==148617== HEAP SUMMARY:
==148617==     in use at exit: 10,517,264 bytes in 5,854 blocks
==148617==   total heap usage: 98,072 allocs, 92,218 frees, 567,950,694 bytes allocated
==148617== 
==148617== LEAK SUMMARY:
==148617==    definitely lost: 880 bytes in 6 blocks
==148617==    indirectly lost: 796 bytes in 9 blocks
==148617==      possibly lost: 6,120 bytes in 39 blocks
==148617==    still reachable: 10,509,468 bytes in 5,800 blocks
==148617==         suppressed: 0 bytes in 0 blocks
==148617== Rerun with --leak-check=full to see details of leaked memory
==148617== 
==148617== For lists of detected and suppressed errors, rerun with: -s
==148617== ERROR SUMMARY: 0 errors from 0 contexts (suppressed: 0 from 0)
